Microchip MPLAB XC8 Compiler V3.00

Linker command line:

-W-3 \
  --edf=C:/Program Files/Microchip/MPLABX/v6.25/packs/Microchip/PIC18F-K_DFP/1.14.301/xc8\pic\dat\20241213203129_en.msgs \
  -cn -h+dist/default/production\Alarm_System.X.production.sym \
  --cmf=dist/default/production\Alarm_System.X.production.cmf -z -Q18F46K22 \
  -oC:\Users\josem\AppData\Local\Temp\xcAs18g4.\driver_tmp_3.o \
  --defsym=__MPLAB_BUILD=1 --fixupoverflow=error \
  -Mdist/default/production/Alarm_System.X.production.map \
  --md=C:\Users\josem\AppData\Local\Temp\xcAs18g4.\driver_tmp_0.dat -E1 \
  -ver=XC8 Compiler -ACODE=00h-0FFFFh -ACONST=00h-0FFFFh \
  -ASMALLCONST=01000h-010FFhx240 -AMEDIUMCONST=01000h-0FFFFh \
  -ACOMRAM=01h-05Fh -AABS1=00h-0F37h -ABIGRAM=01h-0F37h \
  -ARAM=060h-0FFh,0100h-01FFhx14,0F00h-0F37h -ABANK0=060h-0FFh \
  -ABANK1=0100h-01FFh -ABANK2=0200h-02FFh -ABANK3=0300h-03FFh \
  -ABANK4=0400h-04FFh -ABANK5=0500h-05FFh -ABANK6=0600h-06FFh \
  -ABANK7=0700h-07FFh -ABANK8=0800h-08FFh -ABANK9=0900h-09FFh \
  -ABANK10=0A00h-0AFFh -ABANK11=0B00h-0BFFh -ABANK12=0C00h-0CFFh \
  -ABANK13=0D00h-0DFFh -ABANK14=0E00h-0EFFh -ABANK15=0F00h-0F37h \
  -ASFR=0F38h-0F5Fh,0F60h-0FFFh -ABIGSFR=0F38h-0FFFh \
  -ACONFIG=0300000h-030000Dh -AIDLOC=0200000h-0200007h \
  -AEEDATA=0F00000h-0F003FFh -peeprom_data=EEDATA \
  -preset_vec=00h,intcode=8h,intcodelo=18h,sivt_lo,sivt_hi=CODE \
  -ppowerup=CODE,init -pramtop=01000h -psmallconst=SMALLCONST \
  -pmediumconst=MEDIUMCONST -pconst=CONST -AFARRAM=00h-00h \
  -prdata=COMRAM,nvrram=COMRAM,nvbit=COMRAM,rbss=COMRAM,rbit=COMRAM \
  -pfarbss=FARRAM,fardata=FARRAM,nvFARRAM=FARRAM \
  -pintsave_regs=BIGRAM,bigbss=BIGRAM,bigdata=BIGRAM -pbss=RAM \
  -pidata=CODE,irdata=CODE,ibigdata=CODE,ifardata=CODE -prparam=COMRAM \
  C:\Users\josem\AppData\Local\Temp\xcAs18g4.\driver_tmp_14.o \
  dist/default/production\Alarm_System.X.production.o 

Object code version is 3.11

Machine type is 18F46K22



                Name                               Link     Load   Length Selector   Space Scale
C:\Users\josem\AppData\Local\Temp\xcAs18g4.\driver_tmp_14.o
                config                           300000   300000        E        0       4
                init                                 EA       EA        4        4       0
                reset_vec                             0        0        4        0       0
dist/default/production\Alarm_System.X.production.o
                intcode                               8        8       E2        4       0
                config                           300000   300000        E        0       4
                temp                                 5C       5C        1        1       1
                smallconst                         1000     1000       D4      800       0
                text42                             21CC     21CC       24      86A       0
                text41                             21A8     21A8       24      86A       0
                text40                             1D8A     1D8A       78      86A       0
                text39                             222A     222A       18      86A       0
                text38                             1FF2     1FF2       40      86A       0
                text37                             21F0     21F0       1E      86A       0
                text36                             1CF4     1CF4       96      86A       0
                text35                             2258     2258       10      86A       0
                text34                             22BE     22BE        A      86A       0
                text33                             22B4     22B4        A      86A       0
                text32                             22AA     22AA        A      86A       0
                text31                             20A4     20A4       38      86A       0
                text30                             22C8     22C8        4      86A       0
                text29                             2276     2276        C      86A       0
                text28                             22A0     22A0        A      86A       0
                text27                             2296     2296        A      86A       0
                text26                             228C     228C        A      86A       0
                text25                             2282     2282        A      86A       0
                text24                             1E76     1E76       70      86A       0
                text23                             2242     2242       16      86A       0
                text22                             2032     2032       3A      86A       0
                text21                             10D4     10D4      25E      86A       0
                text20                             220E     220E       1C      86A       0
                text19                             2268     2268        E      86A       0
                text18                             1F50     1F50       62      86A       0
                text17                             206C     206C       38      86A       0
                text16                             1E02     1E02       74      86A       0
                text15                             2178     2178       30      86A       0
                text14                             1ADA     1ADA       C2      86A       0
                text13                             1B9C     1B9C       AE      86A       0
                text12                             2144     2144       34      86A       0
                text11                             22CE     22CE        2      86A       0
                text10                             1C4A     1C4A       AA      86A       0
                text9                              1332     1332      1C0      86A       0
                text8                              1FB2     1FB2       40      86A       0
                text7                              2110     2110       34      86A       0
                text6                              19EE     19EE       EC      86A       0
                text5                              1EE6     1EE6       6A      86A       0
                text4                              1696     1696      14A      86A       0
                text3                              22CC     22CC        2      86A       0
                text2                              18FE     18FE       F0      86A       0
                text1                              14F2     14F2      1A4      86A       0
                text0                              17E0     17E0      11E      86A       0
                cstackCOMRAM                          1        1       43        1       1
                bssBANK0                             60       60       20       60       1
                dataCOMRAM                           5B       5B        1        1       1
                bssCOMRAM                            44       44       11        1       1
                cinit                              20DC     20DC       34      86A       0
                nvBANK0                              80       80        8       60       1
                nvCOMRAM                             55       55        6        1       1
                idataCOMRAM                        22D0     22D0        1      86A       0

TOTAL           Name                               Link     Load   Length     Space
        CLASS   CODE           
                intcode                               8        8       E2         0
                init                                 EA       EA        4         0
                reset_vec                             0        0        4         0
                text42                             21CC     21CC       24         0
                text41                             21A8     21A8       24         0
                text40                             1D8A     1D8A       78         0
                text39                             222A     222A       18         0
                text38                             1FF2     1FF2       40         0
                text37                             21F0     21F0       1E         0
                text36                             1CF4     1CF4       96         0
                text35                             2258     2258       10         0
                text34                             22BE     22BE        A         0
                text33                             22B4     22B4        A         0
                text32                             22AA     22AA        A         0
                text31                             20A4     20A4       38         0
                text30                             22C8     22C8        4         0
                text29                             2276     2276        C         0
                text28                             22A0     22A0        A         0
                text27                             2296     2296        A         0
                text26                             228C     228C        A         0
                text25                             2282     2282        A         0
                text24                             1E76     1E76       70         0
                text23                             2242     2242       16         0
                text22                             2032     2032       3A         0
                text21                             10D4     10D4      25E         0
                text20                             220E     220E       1C         0
                text19                             2268     2268        E         0
                text18                             1F50     1F50       62         0
                text17                             206C     206C       38         0
                text16                             1E02     1E02       74         0
                text15                             2178     2178       30         0
                text14                             1ADA     1ADA       C2         0
                text13                             1B9C     1B9C       AE         0
                text12                             2144     2144       34         0
                text11                             22CE     22CE        2         0
                text10                             1C4A     1C4A       AA         0
                text9                              1332     1332      1C0         0
                text8                              1FB2     1FB2       40         0
                text7                              2110     2110       34         0
                text6                              19EE     19EE       EC         0
                text5                              1EE6     1EE6       6A         0
                text4                              1696     1696      14A         0
                text3                              22CC     22CC        2         0
                text2                              18FE     18FE       F0         0
                text1                              14F2     14F2      1A4         0
                text0                              17E0     17E0      11E         0
                cinit                              20DC     20DC       34         0
                idataCOMRAM                        22D0     22D0        1         0

        CLASS   CONST          

        CLASS   SMALLCONST     
                smallconst                         1000     1000       D4         0

        CLASS   MEDIUMCONST    

        CLASS   COMRAM         
                temp                                 5C       5C        1         1
                cstackCOMRAM                          1        1       43         1
                dataCOMRAM                           5B       5B        1         1
                bssCOMRAM                            44       44       11         1
                nvCOMRAM                             55       55        6         1

        CLASS   ABS1           

        CLASS   BIGRAM         

        CLASS   RAM            

        CLASS   BANK0          
                bssBANK0                             60       60       20         1
                nvBANK0                              80       80        8         1

        CLASS   BANK1          

        CLASS   BANK2          

        CLASS   BANK3          

        CLASS   BANK4          

        CLASS   BANK5          

        CLASS   BANK6          

        CLASS   BANK7          

        CLASS   BANK8          

        CLASS   BANK9          

        CLASS   BANK10         

        CLASS   BANK11         

        CLASS   BANK12         

        CLASS   BANK13         

        CLASS   BANK14         

        CLASS   BANK15         

        CLASS   SFR            

        CLASS   BIGSFR         

        CLASS   CONFIG         
                config                           300000   300000        E         4

        CLASS   IDLOC          

        CLASS   EEDATA         

        CLASS   FARRAM         

        CLASS   HEAP           

        CLASS   STACK          



SEGMENTS        Name                           Load    Length   Top    Selector   Space  Class

                reset_vec                      000000  000004  000004         0       0  CODE    
                cstackCOMRAM                   000001  00005C  00005D         1       1  COMRAM  
                intcode                        000008  0000E6  0000EE         4       0  CODE    
                bssBANK0                       000060  000028  000088        60       1  BANK0   
                smallconst                     001000  0000D4  0010D4       800       0  SMALLCON
                text21                         0010D4  0011FD  0022D1       86A       0  CODE    


UNUSED ADDRESS RANGES

        Name                Unused          Largest block    Delta
        BANK0            000088-0000FF               78
        BANK1            000100-0001FF              100
        BANK10           000A00-000AFF              100
        BANK11           000B00-000BFF              100
        BANK12           000C00-000CFF              100
        BANK13           000D00-000DFF              100
        BANK14           000E00-000EFF              100
        BANK15           000F00-000F37               38
        BANK2            000200-0002FF              100
        BANK3            000300-0003FF              100
        BANK4            000400-0004FF              100
        BANK5            000500-0005FF              100
        BANK6            000600-0006FF              100
        BANK7            000700-0007FF              100
        BANK8            000800-0008FF              100
        BANK9            000900-0009FF              100
        BIGRAM           00005D-00005F                3
                         000088-000F37              EB0
        BIGSFR           000F38-000FFF               C8
        CODE             000004-000007                4
                         0000EE-000FFF              F12
                         0022D1-00FFFF             DD2F
        COMRAM           00005D-00005F                3
        CONST            000004-000007                4
                         0000EE-000FFF              F12
                         0022D1-00FFFF             DD2F
        EEDATA           F00000-F003FF              400
        IDLOC            200000-200007                8
        MEDIUMCONST      0022D1-00FFFF             DD2F
        RAM              000088-000F37              100
        SFR              000F38-000FFF               28
        SMALLCONST       0022D1-00FFFF              100

                                  Symbol Table

?_ADC_GetConversion                        cstackCOMRAM 000001
?___awdiv                                  cstackCOMRAM 000001
?___awmod                                  cstackCOMRAM 000001
?___lwdiv                                  cstackCOMRAM 000001
?_abs                                      cstackCOMRAM 000007
?_sprintf                                  cstackCOMRAM 00001A
?_strcmp                                   cstackCOMRAM 000001
?_vfprintf                                 cstackCOMRAM 000016
ADC_GetConversion@channel                  cstackCOMRAM 000005
I2C_Write@byte                             cstackCOMRAM 000004
I2C_Write@i                                cstackCOMRAM 000005
INT0_SetInterruptHandler@InterruptHandler  cstackCOMRAM 000001
INT1_SetInterruptHandler@InterruptHandler  cstackCOMRAM 000001
INT2_SetInterruptHandler@InterruptHandler  cstackCOMRAM 000001
IOCB4_SetInterruptHandler@InterruptHandler cstackCOMRAM 000001
IOCB5_SetInterruptHandler@InterruptHandler cstackCOMRAM 000001
IOCB6_SetInterruptHandler@InterruptHandler cstackCOMRAM 000001
IOCB7_SetInterruptHandler@InterruptHandler cstackCOMRAM 000001
LCD_SendByte@byte                          cstackCOMRAM 00000C
LCD_SendByte@isData                        cstackCOMRAM 00000B
LCD_SendByteI2C@byte                       cstackCOMRAM 000006
LCD_SendChar@c                             cstackCOMRAM 00000D
LCD_SendNibble@byte_to_send                cstackCOMRAM 00000A
LCD_SendNibble@isData                      cstackCOMRAM 000007
LCD_SendNibble@nibble                      cstackCOMRAM 000009
LCD_SendString@str                         cstackCOMRAM 00000E
LCD_SetCursor@col                          cstackCOMRAM 00000D
LCD_SetCursor@row                          cstackCOMRAM 00000F
LCD_SetCursor@row_offsets                  smallconst   001011
_ADCON0                                    (abs)        000FC2
_ADCON0bits                                (abs)        000FC2
_ADCON1                                    (abs)        000FC1
_ADCON2                                    (abs)        000FC0
_ADC_GetConversion                         text22       002032
_ADC_Initialize                            text35       002258
_ADC_InterruptHandler                      bssCOMRAM    000048
_ADRESH                                    (abs)        000FC4
_ADRESL                                    (abs)        000FC3
_ANSELA                                    (abs)        000F38
_ANSELB                                    (abs)        000F39
_ANSELC                                    (abs)        000F3A
_ANSELD                                    (abs)        000F3B
_ANSELE                                    (abs)        000F3C
_EXT_INT_Initialize                        text31       0020A4
_I2C_Start                                 text42       0021CC
_I2C_Stop                                  text41       0021A8
_I2C_Write                                 text40       001D8A
_INT0_DefaultInterruptHandler              (abs)        000000
_INT0_InterruptHandler                     nvBANK0      000084
_INT0_SetInterruptHandler                  text34       0022BE
_INT1_DefaultInterruptHandler              (abs)        000000
_INT1_InterruptHandler                     nvBANK0      000082
_INT1_SetInterruptHandler                  text33       0022B4
_INT2_DefaultInterruptHandler              (abs)        000000
_INT2_InterruptHandler                     nvBANK0      000080
_INT2_SetInterruptHandler                  text32       0022AA
_INTCON2bits                               (abs)        000FF1
_INTCON3bits                               (abs)        000FF0
_INTCONbits                                (abs)        000FF2
_INTERRUPT_Initialize                      text30       0022C8
_INTERRUPT_InterruptManager                intcode      000008
_IOCB4_DefaultInterruptHandler             (abs)        000000
_IOCB4_InterruptHandler                    nvCOMRAM     000059
_IOCB4_SetInterruptHandler                 text28       0022A0
_IOCB5_DefaultInterruptHandler             (abs)        000000
_IOCB5_InterruptHandler                    nvCOMRAM     000057
_IOCB5_SetInterruptHandler                 text27       002296
_IOCB6_DefaultInterruptHandler             (abs)        000000
_IOCB6_InterruptHandler                    nvCOMRAM     000055
_IOCB6_SetInterruptHandler                 text26       00228C
_IOCB7_DefaultInterruptHandler             (abs)        000000
_IOCB7_InterruptHandler                    nvBANK0      000086
_IOCB7_SetInterruptHandler                 text25       002282
_IOCBbits                                  (abs)        000F62
_KPD_GetKey                                text21       0010D4
_LATA                                      (abs)        000F89
_LATB                                      (abs)        000F8A
_LATBbits                                  (abs)        000F8A
_LATC                                      (abs)        000F8B
_LATCbits                                  (abs)        000F8B
_LATD                                      (abs)        000F8C
_LATDbits                                  (abs)        000F8C
_LATE                                      (abs)        000F8D
_LATEbits                                  (abs)        000F8D
_LCD_Clear                                 text20       00220E
_LCD_Init                                  text36       001CF4
_LCD_SendByte                              text37       0021F0
_LCD_SendByteI2C                           text39       00222A
_LCD_SendChar                              text19       002268
_LCD_SendNibble                            text38       001FF2
_LCD_SendString                            text18       001F50
_LCD_SetCursor                             text17       00206C
_OSCCON                                    (abs)        000FD3
_OSCCON2                                   (abs)        000FD2
_OSCILLATOR_Initialize                     text29       002276
_OSCTUNE                                   (abs)        000F9B
_PIN_MANAGER_Initialize                    text24       001E76
_PORTB                                     (abs)        000F81
_PORTBbits                                 (abs)        000F81
_PORTCbits                                 (abs)        000F82
_PORTDbits                                 (abs)        000F83
_RCONbits                                  (abs)        000FD0
_SYSTEM_Initialize                         text23       002242
_TRISA                                     (abs)        000F92
_TRISB                                     (abs)        000F93
_TRISC                                     (abs)        000F94
_TRISCbits                                 (abs)        000F94
_TRISD                                     (abs)        000F95
_TRISE                                     (abs)        000F96
_WPUB                                      (abs)        000F61
__HRAM                                     (abs)        000000
__H__absolute__                            __absolute__ 000000
__Habs1                                    abs1         000000
__Hbank0                                   bank0        000000
__Hbank1                                   bank1        000000
__Hbank10                                  bank10       000000
__Hbank11                                  bank11       000000
__Hbank12                                  bank12       000000
__Hbank13                                  bank13       000000
__Hbank14                                  bank14       000000
__Hbank15                                  bank15       000000
__Hbank2                                   bank2        000000
__Hbank3                                   bank3        000000
__Hbank4                                   bank4        000000
__Hbank5                                   bank5        000000
__Hbank6                                   bank6        000000
__Hbank7                                   bank7        000000
__Hbank8                                   bank8        000000
__Hbank9                                   bank9        000000
__Hbigbss                                  bigbss       000000
__Hbigdata                                 bigdata      000000
__Hbigram                                  bigram       000000
__Hbigsfr                                  bigsfr       000000
__Hbss                                     bss          000000
__HbssBANK0                                bssBANK0     000000
__HbssCOMRAM                               bssCOMRAM    000000
__Hcinit                                   cinit        000000
__Hclrtext                                 clrtext      000000
__Hcomram                                  comram       000000
__Hconfig                                  config       30000E
__Hconst                                   const        000000
__HcstackCOMRAM                            cstackCOMRAM 000000
__Hdata                                    data         000000
__HdataCOMRAM                              dataCOMRAM   000000
__Heeprom_data                             eeprom_data  000000
__Hfarbss                                  farbss       000000
__Hfardata                                 fardata      000000
__Hheap                                    heap         000000
__Hibigdata                                ibigdata     000000
__Hidata                                   idata        000000
__HidataCOMRAM                             idataCOMRAM  000000
__Hidloc                                   idloc        000000
__Hifardata                                ifardata     000000
__Hinit                                    init         0000EE
__Hintcode                                 intcode      0000EA
__Hintcode_body                            intcode_body 000000
__Hintcodelo                               intcodelo    000018
__Hintentry                                intentry     000000
__Hintret                                  intret       000000
__Hintsave_regs                            intsave_regs 000000
__Hirdata                                  irdata       000000
__Hmediumconst                             mediumconst  000000
__HnvBANK0                                 nvBANK0      000000
__HnvCOMRAM                                nvCOMRAM     000000
__HnvFARRAM                                nvFARRAM     000000
__Hnvbit                                   nvbit        000000
__Hnvrram                                  nvrram       000000
__Hparam                                   rparam       000000
__Hpowerup                                 powerup      000000
__Hram                                     ram          000000
__Hramtop                                  ramtop       001000
__Hrbit                                    rbit         000000
__Hrbss                                    rbss         000000
__Hrdata                                   rdata        000000
__Hreset_vec                               reset_vec    000004
__Hrparam                                  rparam       000000
__Hsfr                                     sfr          000000
__Hsivt_hi                                 sivt_hi      000000
__Hsivt_lo                                 sivt_lo      000018
__Hsmallconst                              smallconst   0010D4
__Hspace_0                                 (abs)        0022D1
__Hspace_1                                 (abs)        000088
__Hspace_2                                 (abs)        000000
__Hspace_4                                 (abs)        60000E
__Hstack                                   stack        000000
__Hstruct                                  struct       000000
__Htemp                                    temp         00005D
__Htext                                    text         000000
__Htext0                                   text0        000000
__Htext1                                   text1        000000
__Htext10                                  text10       000000
__Htext11                                  text11       000000
__Htext12                                  text12       000000
__Htext13                                  text13       000000
__Htext14                                  text14       000000
__Htext15                                  text15       000000
__Htext16                                  text16       000000
__Htext17                                  text17       000000
__Htext18                                  text18       000000
__Htext19                                  text19       000000
__Htext2                                   text2        000000
__Htext20                                  text20       000000
__Htext21                                  text21       000000
__Htext22                                  text22       000000
__Htext23                                  text23       000000
__Htext24                                  text24       000000
__Htext25                                  text25       000000
__Htext26                                  text26       000000
__Htext27                                  text27       000000
__Htext28                                  text28       000000
__Htext29                                  text29       000000
__Htext3                                   text3        000000
__Htext30                                  text30       000000
__Htext31                                  text31       000000
__Htext32                                  text32       000000
__Htext33                                  text33       000000
__Htext34                                  text34       000000
__Htext35                                  text35       000000
__Htext36                                  text36       000000
__Htext37                                  text37       000000
__Htext38                                  text38       000000
__Htext39                                  text39       000000
__Htext4                                   text4        000000
__Htext40                                  text40       000000
__Htext41                                  text41       000000
__Htext42                                  text42       000000
__Htext5                                   text5        000000
__Htext6                                   text6        000000
__Htext7                                   text7        000000
__Htext8                                   text8        000000
__Htext9                                   text9        000000
__LRAM                                     (abs)        000001
__L__absolute__                            __absolute__ 000000
__Labs1                                    abs1         000000
__Lbank0                                   bank0        000000
__Lbank1                                   bank1        000000
__Lbank10                                  bank10       000000
__Lbank11                                  bank11       000000
__Lbank12                                  bank12       000000
__Lbank13                                  bank13       000000
__Lbank14                                  bank14       000000
__Lbank15                                  bank15       000000
__Lbank2                                   bank2        000000
__Lbank3                                   bank3        000000
__Lbank4                                   bank4        000000
__Lbank5                                   bank5        000000
__Lbank6                                   bank6        000000
__Lbank7                                   bank7        000000
__Lbank8                                   bank8        000000
__Lbank9                                   bank9        000000
__Lbigbss                                  bigbss       000000
__Lbigdata                                 bigdata      000000
__Lbigram                                  bigram       000000
__Lbigsfr                                  bigsfr       000000
__Lbss                                     bss          000000
__LbssBANK0                                bssBANK0     000000
__LbssCOMRAM                               bssCOMRAM    000000
__Lcinit                                   cinit        000000
__Lclrtext                                 clrtext      000000
__Lcomram                                  comram       000000
__Lconfig                                  config       000000
__Lconst                                   const        000000
__LcstackCOMRAM                            cstackCOMRAM 000000
__Ldata                                    data         000000
__LdataCOMRAM                              dataCOMRAM   000000
__Leeprom_data                             eeprom_data  000000
__Lfarbss                                  farbss       000000
__Lfardata                                 fardata      000000
__Lheap                                    heap         000000
__Libigdata                                ibigdata     000000
__Lidata                                   idata        000000
__LidataCOMRAM                             idataCOMRAM  000000
__Lidloc                                   idloc        000000
__Lifardata                                ifardata     000000
__Linit                                    init         0000EA
__Lintcode                                 intcode      000008
__Lintcode_body                            intcode_body 000000
__Lintcodelo                               intcodelo    000018
__Lintentry                                intentry     000000
__Lintret                                  intret       000000
__Lintsave_regs                            intsave_regs 000000
__Lirdata                                  irdata       000000
__Lmediumconst                             mediumconst  000000
__LnvBANK0                                 nvBANK0      000000
__LnvCOMRAM                                nvCOMRAM     000000
__LnvFARRAM                                nvFARRAM     000000
__Lnvbit                                   nvbit        000000
__Lnvrram                                  nvrram       000000
__Lparam                                   rparam       000000
__Lpowerup                                 powerup      000000
__Lram                                     ram          000000
__Lramtop                                  ramtop       001000
__Lrbit                                    rbit         000000
__Lrbss                                    rbss         000000
__Lrdata                                   rdata        000000
__Lreset_vec                               reset_vec    000000
__Lrparam                                  rparam       000000
__Lsfr                                     sfr          000000
__Lsivt_hi                                 sivt_hi      000000
__Lsivt_lo                                 sivt_lo      000018
__Lsmallconst                              smallconst   001000
__Lspace_0                                 (abs)        000000
__Lspace_1                                 (abs)        000000
__Lspace_2                                 (abs)        000000
__Lspace_4                                 (abs)        000000
__Lstack                                   stack        000000
__Lstruct                                  struct       000000
__Ltemp                                    temp         00005C
__Ltext                                    text         000000
__Ltext0                                   text0        000000
__Ltext1                                   text1        000000
__Ltext10                                  text10       000000
__Ltext11                                  text11       000000
__Ltext12                                  text12       000000
__Ltext13                                  text13       000000
__Ltext14                                  text14       000000
__Ltext15                                  text15       000000
__Ltext16                                  text16       000000
__Ltext17                                  text17       000000
__Ltext18                                  text18       000000
__Ltext19                                  text19       000000
__Ltext2                                   text2        000000
__Ltext20                                  text20       000000
__Ltext21                                  text21       000000
__Ltext22                                  text22       000000
__Ltext23                                  text23       000000
__Ltext24                                  text24       000000
__Ltext25                                  text25       000000
__Ltext26                                  text26       000000
__Ltext27                                  text27       000000
__Ltext28                                  text28       000000
__Ltext29                                  text29       000000
__Ltext3                                   text3        000000
__Ltext30                                  text30       000000
__Ltext31                                  text31       000000
__Ltext32                                  text32       000000
__Ltext33                                  text33       000000
__Ltext34                                  text34       000000
__Ltext35                                  text35       000000
__Ltext36                                  text36       000000
__Ltext37                                  text37       000000
__Ltext38                                  text38       000000
__Ltext39                                  text39       000000
__Ltext4                                   text4        000000
__Ltext40                                  text40       000000
__Ltext41                                  text41       000000
__Ltext42                                  text42       000000
__Ltext5                                   text5        000000
__Ltext6                                   text6        000000
__Ltext7                                   text7        000000
__Ltext8                                   text8        000000
__Ltext9                                   text9        000000
__S0                                       (abs)        0022D1
__S1                                       (abs)        000088
__S4                                       (abs)        000000
__S5                                       (abs)        000000
___awdiv                                   text14       001ADA
___awdiv@counter                           cstackCOMRAM 000005
___awdiv@dividend                          cstackCOMRAM 000001
___awdiv@divisor                           cstackCOMRAM 000003
___awdiv@quotient                          cstackCOMRAM 000007
___awdiv@sign                              cstackCOMRAM 000006
___awmod                                   text13       001B9C
___awmod@counter                           cstackCOMRAM 000005
___awmod@dividend                          cstackCOMRAM 000001
___awmod@divisor                           cstackCOMRAM 000003
___awmod@sign                              cstackCOMRAM 000006
___heap_hi                                 (abs)        000000
___heap_lo                                 (abs)        000000
___inthi_sp                                stack        000000
___inthi_stack_hi                          stack        000000
___inthi_stack_lo                          stack        000000
___intlo_sp                                stack        000000
___intlo_stack_hi                          stack        000000
___intlo_stack_lo                          stack        000000
___lwdiv                                   text16       001E02
___lwdiv@counter                           cstackCOMRAM 000007
___lwdiv@dividend                          cstackCOMRAM 000001
___lwdiv@divisor                           cstackCOMRAM 000003
___lwdiv@quotient                          cstackCOMRAM 000005
___param_bank                              (abs)        000000
___rparam_used                             (abs)        000001
___sp                                      stack        000000
___stack_hi                                stack        000000
___stack_lo                                stack        000000
__accesstop                                (abs)        000060
__activetblptr                             (abs)        000003
__backlight_state                          dataCOMRAM   00005B
__end_ofLCD_SetCursor@row_offsets          smallconst   001015
__end_of_ADC_GetConversion                 text22       00206C
__end_of_ADC_Initialize                    text35       002268
__end_of_EXT_INT_Initialize                text31       0020DC
__end_of_I2C_Start                         text42       0021F0
__end_of_I2C_Stop                          text41       0021CC
__end_of_I2C_Write                         text40       001E02
__end_of_INT0_SetInterruptHandler          text34       0022C8
__end_of_INT1_SetInterruptHandler          text33       0022BE
__end_of_INT2_SetInterruptHandler          text32       0022B4
__end_of_INTERRUPT_Initialize              text30       0022CC
__end_of_INTERRUPT_InterruptManager        intcode      0000EA
__end_of_IOCB4_SetInterruptHandler         text28       0022AA
__end_of_IOCB5_SetInterruptHandler         text27       0022A0
__end_of_IOCB6_SetInterruptHandler         text26       002296
__end_of_IOCB7_SetInterruptHandler         text25       00228C
__end_of_KPD_GetKey                        text21       001332
__end_of_LCD_Clear                         text20       00222A
__end_of_LCD_Init                          text36       001D8A
__end_of_LCD_SendByte                      text37       00220E
__end_of_LCD_SendByteI2C                   text39       002242
__end_of_LCD_SendChar                      text19       002276
__end_of_LCD_SendNibble                    text38       002032
__end_of_LCD_SendString                    text18       001FB2
__end_of_LCD_SetCursor                     text17       0020A4
__end_of_OSCILLATOR_Initialize             text29       002282
__end_of_PIN_MANAGER_Initialize            text24       001EE6
__end_of_SYSTEM_Initialize                 text23       002258
__end_of___awdiv                           text14       001B9C
__end_of___awmod                           text13       001C4A
__end_of___lwdiv                           text16       001E76
__end_of__initialization                   cinit        002106
__end_of_abs                               text12       002178
__end_of_alarm_disarmed                    text6        001ADA
__end_of_alert_alarm                       text4        0017E0
__end_of_armed_alarm                       text3        0022CE
__end_of_fputc                             text10       001CF4
__end_of_keys                              smallconst   001011
__end_of_main                              text0        0018FE
__end_of_memset                            text15       0021A8
__end_of_mostrar_zona_alarma               text2        0019EE
__end_of_putch                             text11       0022D0
__end_of_show_pin_screen                   text1        001696
__end_of_sprintf                           text7        002144
__end_of_strcmp                            text5        001F50
__end_of_vfpfcnvrt                         text9        0014F2
__end_of_vfprintf                          text8        001FF2
__initialization                           cinit        0020DC
__mediumconst                              smallconst   001000
__pbssBANK0                                bssBANK0     000060
__pbssCOMRAM                               bssCOMRAM    000044
__pcinit                                   cinit        0020DC
__pcstackCOMRAM                            cstackCOMRAM 000001
__pdataCOMRAM                              dataCOMRAM   00005B
__pidataCOMRAM                             idataCOMRAM  0022D0
__pintcode                                 intcode      000008
__pnvBANK0                                 nvBANK0      000080
__pnvCOMRAM                                nvCOMRAM     000055
__psmallconst                              smallconst   001000
__ptext0                                   text0        0017E0
__ptext1                                   text1        0014F2
__ptext10                                  text10       001C4A
__ptext11                                  text11       0022CE
__ptext12                                  text12       002144
__ptext13                                  text13       001B9C
__ptext14                                  text14       001ADA
__ptext15                                  text15       002178
__ptext16                                  text16       001E02
__ptext17                                  text17       00206C
__ptext18                                  text18       001F50
__ptext19                                  text19       002268
__ptext2                                   text2        0018FE
__ptext20                                  text20       00220E
__ptext21                                  text21       0010D4
__ptext22                                  text22       002032
__ptext23                                  text23       002242
__ptext24                                  text24       001E76
__ptext25                                  text25       002282
__ptext26                                  text26       00228C
__ptext27                                  text27       002296
__ptext28                                  text28       0022A0
__ptext29                                  text29       002276
__ptext3                                   text3        0022CC
__ptext30                                  text30       0022C8
__ptext31                                  text31       0020A4
__ptext32                                  text32       0022AA
__ptext33                                  text33       0022B4
__ptext34                                  text34       0022BE
__ptext35                                  text35       002258
__ptext36                                  text36       001CF4
__ptext37                                  text37       0021F0
__ptext38                                  text38       001FF2
__ptext39                                  text39       00222A
__ptext4                                   text4        001696
__ptext40                                  text40       001D8A
__ptext41                                  text41       0021A8
__ptext42                                  text42       0021CC
__ptext5                                   text5        001EE6
__ptext6                                   text6        0019EE
__ptext7                                   text7        002110
__ptext8                                   text8        001FB2
__ptext9                                   text9        001332
__ramtop                                   ramtop       001000
__smallconst                               smallconst   001000
_abs                                       text12       002144
_alarm_disarmed                            text6        0019EE
_alert_alarm                               text4        001696
_armed_alarm                               text3        0022CC
_dbuf                                      bssBANK0     000060
_flags                                     bssCOMRAM    00004A
_fputc                                     text10       001C4A
_g_estado_actual                           bssCOMRAM    00004E
_g_pin_buffer                              bssCOMRAM    000050
_g_pin_index                               bssCOMRAM    00004D
_g_zona_alarma                             bssCOMRAM    00004F
_keys                                      smallconst   001001
_main                                      text0        0017E0
_memset                                    text15       002178
_mostrar_zona_alarma                       text2        0018FE
_prec                                      bssCOMRAM    000046
_putch                                     text11       0022CE
_show_pin_screen                           text1        0014F2
_sprintf                                   text7        002110
_strcmp                                    text5        001EE6
_tecla                                     bssCOMRAM    00004C
_tecla_ant                                 bssCOMRAM    00004B
_vfpfcnvrt                                 text9        001332
_vfprintf                                  text8        001FB2
_width                                     bssCOMRAM    000044
abs@a                                      cstackCOMRAM 000007
alarm_disarmed@buffer_temp                 cstackCOMRAM 00002E
alarm_disarmed@temperatura                 cstackCOMRAM 000040
alarm_disarmed@valor_adc                   cstackCOMRAM 00003E
btemp                                      temp         00005C
end_of_initialization                      cinit        002106
fputc@c                                    cstackCOMRAM 000001
fputc@fp                                   cstackCOMRAM 000003
int$flags                                  temp         00005C
intlevel0                                  text         000000
intlevel1                                  text         000000
intlevel2                                  text         000000
intlevel3                                  text         000000
isa$std                                    (abs)        000001
isa$xinst                                  (abs)        000000
memset@c                                   cstackCOMRAM 000002
memset@dest                                cstackCOMRAM 000001
memset@n                                   cstackCOMRAM 000004
memset@p                                   cstackCOMRAM 000006
sprintf@ap                                 cstackCOMRAM 00001E
sprintf@f                                  cstackCOMRAM 00001F
sprintf@fmt                                cstackCOMRAM 00001B
sprintf@s                                  cstackCOMRAM 00001A
stackhi                                    (abs)        000000
stacklo                                    (abs)        000000
start                                      init         0000EA
start_initialization                       cinit        0020DC
strcmp@l                                   cstackCOMRAM 000001
strcmp@r                                   cstackCOMRAM 000002
ttemp5                                     temp         00005D
ttemp6                                     temp         000060
ttemp7                                     temp         000064
vfpfcnvrt@ap                               cstackCOMRAM 00000D
vfpfcnvrt@c                                cstackCOMRAM 000015
vfpfcnvrt@convarg                          cstackCOMRAM 000011
vfpfcnvrt@cp                               cstackCOMRAM 000010
vfpfcnvrt@done                             cstackCOMRAM 00000F
vfpfcnvrt@fmt                              cstackCOMRAM 00000C
vfpfcnvrt@fp                               cstackCOMRAM 00000B
vfprintf@ap                                cstackCOMRAM 000018
vfprintf@cfmt                              cstackCOMRAM 000019
vfprintf@fmt                               cstackCOMRAM 000017
vfprintf@fp                                cstackCOMRAM 000016
wtemp8                                     temp         00005D


MODULE INFORMATION

Module		Function		Class		Link	Load	Size
C:\Program Files\Microchip\xc8\v3.00\pic\sources\c99\common\abs.c
		_abs           		CODE           	2144	0000	52

C:\Program Files\Microchip\xc8\v3.00\pic\sources\c99\common\abs.c estimated size: 52

C:\Program Files\Microchip\xc8\v3.00\pic\sources\c99\common\nf_fputc.c
		_fputc         		CODE           	1C4A	0000	170

C:\Program Files\Microchip\xc8\v3.00\pic\sources\c99\common\nf_fputc.c estimated size: 170

keypad.c
		_KPD_GetKey    		CODE           	10D4	0000	606

keypad.c estimated size: 606

mcc_generated_files/interrupt_manager.c
		_INTERRUPT_Initialize		CODE           	22C8	0000	4
		_INTERRUPT_InterruptManager		CODE           	0008	0000	226

mcc_generated_files/interrupt_manager.c estimated size: 230

C:\Program Files\Microchip\xc8\v3.00\pic\sources\c99\common\nf_sprintf.c
		_sprintf       		CODE           	2110	0000	52

C:\Program Files\Microchip\xc8\v3.00\pic\sources\c99\common\nf_sprintf.c estimated size: 52

mcc_generated_files/pin_manager.c
		_PIN_MANAGER_Initialize		CODE           	1E76	0000	112
		_IOCB6_SetInterruptHandler		CODE           	228C	0000	10
		_IOCB7_SetInterruptHandler		CODE           	2282	0000	10
		_IOCB4_SetInterruptHandler		CODE           	22A0	0000	10
		_IOCB5_SetInterruptHandler		CODE           	2296	0000	10

mcc_generated_files/pin_manager.c estimated size: 152

lcd_i2c.c
		_LCD_Init      		CODE           	1CF4	0000	150
		_LCD_SendChar  		CODE           	2268	0000	14
		_LCD_SendByte  		CODE           	21F0	0000	30
		_LCD_SendNibble		CODE           	1FF2	0000	64
		_LCD_SetCursor 		CODE           	206C	0000	56
		_LCD_SendString		CODE           	1F50	0000	98
		_I2C_Write     		CODE           	1D8A	0000	120
		_LCD_SendByteI2C		CODE           	222A	0000	24
		_I2C_Stop      		CODE           	21A8	0000	36
		_LCD_Clear     		CODE           	220E	0000	28
		_I2C_Start     		CODE           	21CC	0000	36

lcd_i2c.c estimated size: 656

mcc_generated_files/adc.c
		_ADC_Initialize		CODE           	2258	0000	16
		_ADC_GetConversion		CODE           	2032	0000	58

mcc_generated_files/adc.c estimated size: 74

C:\Program Files\Microchip\xc8\v3.00\pic\sources\c99\common\awmod.c
		___awmod       		CODE           	1B9C	0000	174

C:\Program Files\Microchip\xc8\v3.00\pic\sources\c99\common\awmod.c estimated size: 174

C:\Program Files\Microchip\xc8\v3.00\pic\sources\c99\common\putch.c
		_putch         		CODE           	22CE	0000	2

C:\Program Files\Microchip\xc8\v3.00\pic\sources\c99\common\putch.c estimated size: 2

mcc_generated_files/ext_int.c
		_INT0_SetInterruptHandler		CODE           	22BE	0000	10
		_INT1_SetInterruptHandler		CODE           	22B4	0000	10
		_EXT_INT_Initialize		CODE           	20A4	0000	56
		_INT2_SetInterruptHandler		CODE           	22AA	0000	10

mcc_generated_files/ext_int.c estimated size: 86

shared
		_keys          		SMALLCONST     	1001	0000	16
		__initialization		CODE           	20DC	0000	42
		LCD_SetCursor@row_offsets		SMALLCONST     	1011	0000	4

shared estimated size: 62

mcc_generated_files/mcc.c
		_OSCILLATOR_Initialize		CODE           	2276	0000	12
		_SYSTEM_Initialize		CODE           	2242	0000	22

mcc_generated_files/mcc.c estimated size: 34

C:\Program Files\Microchip\xc8\v3.00\pic\sources\c99\common\strcmp.c
		_strcmp        		CODE           	1EE6	0000	106

C:\Program Files\Microchip\xc8\v3.00\pic\sources\c99\common\strcmp.c estimated size: 106

C:\Program Files\Microchip\xc8\v3.00\pic\sources\c99\common\memset.c
		_memset        		CODE           	2178	0000	48

C:\Program Files\Microchip\xc8\v3.00\pic\sources\c99\common\memset.c estimated size: 48

Alarm_Status.c
		_show_pin_screen		CODE           	14F2	0000	420
		_armed_alarm   		CODE           	22CC	0000	2
		_mostrar_zona_alarma		CODE           	18FE	0000	240
		_alarm_disarmed		CODE           	19EE	0000	236
		_alert_alarm   		CODE           	1696	0000	330

Alarm_Status.c estimated size: 1228

C:\Program Files\Microchip\xc8\v3.00\pic\sources\c99\common\lwdiv.c
		___lwdiv       		CODE           	1E02	0000	116

C:\Program Files\Microchip\xc8\v3.00\pic\sources\c99\common\lwdiv.c estimated size: 116

C:\Program Files\Microchip\xc8\v3.00\pic\sources\c99\common\awdiv.c
		___awdiv       		CODE           	1ADA	0000	194

C:\Program Files\Microchip\xc8\v3.00\pic\sources\c99\common\awdiv.c estimated size: 194

main.c
		_main          		CODE           	17E0	0000	286

main.c estimated size: 286

C:\Program Files\Microchip\xc8\v3.00\pic\sources\c99\common\doprnt.c
		_vfpfcnvrt     		CODE           	1332	0000	448
		_vfprintf      		CODE           	1FB2	0000	64

C:\Program Files\Microchip\xc8\v3.00\pic\sources\c99\common\doprnt.c estimated size: 512

